// Jest Snapshot v1, https://goo.gl/fbAQLP

exports[`matches previous snapshot 1`] = `
<div
  className="display"
>
  <span>
    42
  </span>
</div>
`;
