// Jest Snapshot v1, https://goo.gl/fbAQLP

exports[`matches previous snapshot 1`] = `
<div
  className="button"
  onClick={[Function]}
>
  <span>
    2
  </span>
</div>
`;
