// Jest Snapshot v1, https://goo.gl/fbAQLP

exports[`matches previous snapshot 1`] = `
<div
  className="controls"
>
  <Button
    onClick={[Function]}
    text="+"
  />
</div>
`;
