// Jest Snapshot v1, https://goo.gl/fbAQLP

exports[`matches previous snapshot 1`] = `
<div
  className="app"
>
  <div
    className="app-header"
  >
    <h1>
      Demo - Calculator
    </h1>
  </div>
  <div
    className="app-content"
  >
    <Display
      value="42"
    />
    <Controls
      controls={
        Array [
          Object {
            "onClick": [Function],
            "text": "+",
          },
        ]
      }
    />
  </div>
</div>
`;
